This file contains any messages produced by compilers while
running configure, to aid debugging if configure makes a mistake.

It was created by twlegacy configure 1.0, which was
generated by GNU Autoconf 2.71.  Invocation command line was

  $ ./configure

## --------- ##
## Platform. ##
## --------- ##

hostname = zabiden-IdeaPad-3-15IIL05
uname -m = x86_64
uname -r = 6.17.0-29-generic
uname -s = Linux
uname -v = #29~24.04.1-Ubuntu SMP PREEMPT_DYNAMIC Mon May 11 10:30:58 UTC 2

/usr/bin/uname -p = x86_64
/bin/uname -X     = unknown

/bin/arch              = x86_64
/usr/bin/arch -k       = unknown
/usr/convex/getsysinfo = unknown
/usr/bin/hostinfo      = unknown
/bin/machine           = unknown
/usr/bin/oslevel       = unknown
/bin/universe          = unknown

PATH: /usr/local/sbin/
PATH: /usr/local/bin/
PATH: /usr/sbin/
PATH: /usr/bin/
PATH: /sbin/
PATH: /bin/
PATH: /usr/games/
PATH: /usr/local/games/
PATH: /snap/bin/
PATH: /snap/bin/


## ----------- ##
## Core tests. ##
## ----------- ##

configure:2494: looking for aux files: config.guess config.sub compile missing install-sh
configure:2507:  trying ./
configure:2536:   ./config.guess found
configure:2536:   ./config.sub found
configure:2536:   ./compile found
configure:2536:   ./missing found
configure:2518:   ./install-sh found
configure:2665: checking for a BSD-compatible install
configure:2738: result: /usr/bin/install -c
configure:2749: checking whether build environment is sane
configure:2804: result: yes
configure:2963: checking for a race-free mkdir -p
configure:3007: result: /usr/bin/mkdir -p
configure:3014: checking for gawk
configure:3049: result: no
configure:3014: checking for mawk
configure:3035: found /usr/bin/mawk
configure:3046: result: mawk
configure:3057: checking whether make sets $(MAKE)
configure:3080: result: yes
configure:3110: checking whether make supports nested variables
configure:3128: result: yes
configure:3334: checking for g++
configure:3355: found /usr/bin/g++
configure:3366: result: g++
configure:3393: checking for C++ compiler version
configure:3402: g++ --version >&5
g++ (Ubuntu 13.3.0-6ubuntu2~24.04.1) 13.3.0
Copyright (C) 2023 Free Software Foundation, Inc.
This is free software; see the source for copying conditions.  There is NO
warranty; not even for MERCHANTABILITY or FITNESS FOR A PARTICULAR PURPOSE.

configure:3413: $? = 0
configure:3402: g++ -v >&5
Using built-in specs.
COLLECT_GCC=g++
COLLECT_LTO_WRAPPER=/usr/libexec/gcc/x86_64-linux-gnu/13/lto-wrapper
OFFLOAD_TARGET_NAMES=nvptx-none:amdgcn-amdhsa
OFFLOAD_TARGET_DEFAULT=1
Target: x86_64-linux-gnu
Configured with: ../src/configure -v --with-pkgversion='Ubuntu 13.3.0-6ubuntu2~24.04.1' --with-bugurl=file:///usr/share/doc/gcc-13/README.Bugs --enable-languages=c,ada,c++,go,d,fortran,objc,obj-c++,m2 --prefix=/usr --with-gcc-major-version-only --program-suffix=-13 --program-prefix=x86_64-linux-gnu- --enable-shared --enable-linker-build-id --libexecdir=/usr/libexec --without-included-gettext --enable-threads=posix --libdir=/usr/lib --enable-nls --enable-bootstrap --enable-clocale=gnu --enable-libstdcxx-debug --enable-libstdcxx-time=yes --with-default-libstdcxx-abi=new --enable-libstdcxx-backtrace --enable-gnu-unique-object --disable-vtable-verify --enable-plugin --enable-default-pie --with-system-zlib --enable-libphobos-checking=release --with-target-system-zlib=auto --enable-objc-gc=auto --enable-multiarch --disable-werror --enable-cet --with-arch-32=i686 --with-abi=m64 --with-multilib-list=m32,m64,mx32 --enable-multilib --with-tune=generic --enable-offload-targets=nvptx-none=/build/gcc-13-EldibY/gcc-13-13.3.0/debian/tmp-nvptx/usr,amdgcn-amdhsa=/build/gcc-13-EldibY/gcc-13-13.3.0/debian/tmp-gcn/usr --enable-offload-defaulted --without-cuda-driver --enable-checking=release --build=x86_64-linux-gnu --host=x86_64-linux-gnu --target=x86_64-linux-gnu --with-build-config=bootstrap-lto-lean --enable-link-serialization=2
Thread model: posix
Supported LTO compression algorithms: zlib zstd
gcc version 13.3.0 (Ubuntu 13.3.0-6ubuntu2~24.04.1) 
... rest of stderr output deleted ...
configure:3413: $? = 0
configure:3402: g++ -V >&5
g++: error: unrecognized command-line option '-V'
g++: fatal error: no input files
compilation terminated.
configure:3413: $? = 1
configure:3402: g++ -qversion >&5
g++: error: unrecognized command-line option '-qversion'; did you mean '--version'?
g++: fatal error: no input files
compilation terminated.
configure:3413: $? = 1
configure:3433: checking whether the C++ compiler works
configure:3455: g++    conftest.cpp  >&5
configure:3459: $? = 0
configure:3509: result: yes
configure:3512: checking for C++ compiler default output file name
configure:3514: result: a.out
configure:3520: checking for suffix of executables
configure:3527: g++ -o conftest    conftest.cpp  >&5
configure:3531: $? = 0
configure:3554: result: 
configure:3576: checking whether we are cross compiling
configure:3584: g++ -o conftest    conftest.cpp  >&5
configure:3588: $? = 0
configure:3595: ./conftest
configure:3599: $? = 0
configure:3614: result: no
configure:3619: checking for suffix of object files
configure:3642: g++ -c   conftest.cpp >&5
configure:3646: $? = 0
configure:3668: result: o
configure:3672: checking whether the compiler supports GNU C++
configure:3692: g++ -c   conftest.cpp >&5
configure:3692: $? = 0
configure:3702: result: yes
configure:3713: checking whether g++ accepts -g
configure:3734: g++ -c -g  conftest.cpp >&5
configure:3734: $? = 0
configure:3778: result: yes
configure:3798: checking for g++ option to enable C++11 features
configure:3813: g++  -c -g -O2  conftest.cpp >&5
conftest.cpp: In function 'int main(int, char**)':
conftest.cpp:177:25: warning: empty parentheses were disambiguated as a function declaration [-Wvexing-parse]
  177 |   cxx11test::delegate d2();
      |                         ^~
conftest.cpp:177:25: note: remove parentheses to default-initialize a variable
  177 |   cxx11test::delegate d2();
      |                         ^~
      |                         --
conftest.cpp:177:25: note: or replace parentheses with braces to value-initialize a variable
configure:3813: $? = 0
configure:3831: result: none needed
configure:3898: checking whether make supports the include directive
configure:3913: make -f confmf.GNU && cat confinc.out
this is the am__doit target
configure:3916: $? = 0
configure:3935: result: yes (GNU style)
configure:3961: checking dependency style of g++
configure:4073: result: gcc3
configure:4150: checking for gcc
configure:4171: found /usr/bin/gcc
configure:4182: result: gcc
configure:4535: checking for C compiler version
configure:4544: gcc --version >&5
gcc (Ubuntu 13.3.0-6ubuntu2~24.04.1) 13.3.0
Copyright (C) 2023 Free Software Foundation, Inc.
This is free software; see the source for copying conditions.  There is NO
warranty; not even for MERCHANTABILITY or FITNESS FOR A PARTICULAR PURPOSE.

configure:4555: $? = 0
configure:4544: gcc -v >&5
Using built-in specs.
COLLECT_GCC=gcc
COLLECT_LTO_WRAPPER=/usr/libexec/gcc/x86_64-linux-gnu/13/lto-wrapper
OFFLOAD_TARGET_NAMES=nvptx-none:amdgcn-amdhsa
OFFLOAD_TARGET_DEFAULT=1
Target: x86_64-linux-gnu
Configured with: ../src/configure -v --with-pkgversion='Ubuntu 13.3.0-6ubuntu2~24.04.1' --with-bugurl=file:///usr/share/doc/gcc-13/README.Bugs --enable-languages=c,ada,c++,go,d,fortran,objc,obj-c++,m2 --prefix=/usr --with-gcc-major-version-only --program-suffix=-13 --program-prefix=x86_64-linux-gnu- --enable-shared --enable-linker-build-id --libexecdir=/usr/libexec --without-included-gettext --enable-threads=posix --libdir=/usr/lib --enable-nls --enable-bootstrap --enable-clocale=gnu --enable-libstdcxx-debug --enable-libstdcxx-time=yes --with-default-libstdcxx-abi=new --enable-libstdcxx-backtrace --enable-gnu-unique-object --disable-vtable-verify --enable-plugin --enable-default-pie --with-system-zlib --enable-libphobos-checking=release --with-target-system-zlib=auto --enable-objc-gc=auto --enable-multiarch --disable-werror --enable-cet --with-arch-32=i686 --with-abi=m64 --with-multilib-list=m32,m64,mx32 --enable-multilib --with-tune=generic --enable-offload-targets=nvptx-none=/build/gcc-13-EldibY/gcc-13-13.3.0/debian/tmp-nvptx/usr,amdgcn-amdhsa=/build/gcc-13-EldibY/gcc-13-13.3.0/debian/tmp-gcn/usr --enable-offload-defaulted --without-cuda-driver --enable-checking=release --build=x86_64-linux-gnu --host=x86_64-linux-gnu --target=x86_64-linux-gnu --with-build-config=bootstrap-lto-lean --enable-link-serialization=2
Thread model: posix
Supported LTO compression algorithms: zlib zstd
gcc version 13.3.0 (Ubuntu 13.3.0-6ubuntu2~24.04.1) 
... rest of stderr output deleted ...
configure:4555: $? = 0
configure:4544: gcc -V >&5
gcc: error: unrecognized command-line option '-V'
gcc: fatal error: no input files
compilation terminated.
configure:4555: $? = 1
configure:4544: gcc -qversion >&5
gcc: error: unrecognized command-line option '-qversion'; did you mean '--version'?
gcc: fatal error: no input files
compilation terminated.
configure:4555: $? = 1
configure:4544: gcc -version >&5
gcc: error: unrecognized command-line option '-version'
gcc: fatal error: no input files
compilation terminated.
configure:4555: $? = 1
configure:4559: checking whether the compiler supports GNU C
configure:4579: gcc -c   conftest.c >&5
configure:4579: $? = 0
configure:4589: result: yes
configure:4600: checking whether gcc accepts -g
configure:4621: gcc -c -g  conftest.c >&5
configure:4621: $? = 0
configure:4665: result: yes
configure:4685: checking for gcc option to enable C11 features
configure:4700: gcc  -c -g -O2  conftest.c >&5
configure:4700: $? = 0
configure:4718: result: none needed
configure:4834: checking whether gcc understands -c and -o together
configure:4857: gcc -c conftest.c -o conftest2.o
configure:4860: $? = 0
configure:4857: gcc -c conftest.c -o conftest2.o
configure:4860: $? = 0
configure:4872: result: yes
configure:4891: checking dependency style of gcc
configure:5003: result: gcc3
configure:5068: checking for windres
configure:5103: result: no
configure:5124: WARNING: windres not found - Windows resources will not be built
configure:5135: checking build system type
configure:5150: result: x86_64-pc-linux-gnu
configure:5170: checking host system type
configure:5184: result: x86_64-pc-linux-gnu
configure:5225: checking for stdio.h
configure:5225: gcc -c -g -O2  conftest.c >&5
configure:5225: $? = 0
configure:5225: result: yes
configure:5225: checking for stdlib.h
configure:5225: gcc -c -g -O2  conftest.c >&5
configure:5225: $? = 0
configure:5225: result: yes
configure:5225: checking for string.h
configure:5225: gcc -c -g -O2  conftest.c >&5
configure:5225: $? = 0
configure:5225: result: yes
configure:5225: checking for inttypes.h
configure:5225: gcc -c -g -O2  conftest.c >&5
configure:5225: $? = 0
configure:5225: result: yes
configure:5225: checking for stdint.h
configure:5225: gcc -c -g -O2  conftest.c >&5
configure:5225: $? = 0
configure:5225: result: yes
configure:5225: checking for strings.h
configure:5225: gcc -c -g -O2  conftest.c >&5
configure:5225: $? = 0
configure:5225: result: yes
configure:5225: checking for sys/stat.h
configure:5225: gcc -c -g -O2  conftest.c >&5
configure:5225: $? = 0
configure:5225: result: yes
configure:5225: checking for sys/types.h
configure:5225: gcc -c -g -O2  conftest.c >&5
configure:5225: $? = 0
configure:5225: result: yes
configure:5225: checking for unistd.h
configure:5225: gcc -c -g -O2  conftest.c >&5
configure:5225: $? = 0
configure:5225: result: yes
configure:5253: checking for SDL/SDL.h
configure:5253: gcc -c -g -O2  conftest.c >&5
configure:5253: $? = 0
configure:5253: result: yes
configure:5253: checking for SDL/SDL_image.h
configure:5253: gcc -c -g -O2  conftest.c >&5
configure:5253: $? = 0
configure:5253: result: yes
configure:5253: checking for SDL/SDL_mixer.h
configure:5253: gcc -c -g -O2  conftest.c >&5
configure:5253: $? = 0
configure:5253: result: yes
configure:5267: checking for SDL_Init in -lSDL
configure:5290: gcc -o conftest -g -O2   conftest.c -lSDL   >&5
configure:5290: $? = 0
configure:5300: result: yes
configure:5312: checking for IMG_Load in -lSDL_image
configure:5335: gcc -o conftest -g -O2   conftest.c -lSDL_image  -lSDL  >&5
configure:5335: $? = 0
configure:5345: result: yes
configure:5357: checking for Mix_OpenAudio in -lSDL_mixer
configure:5380: gcc -o conftest -g -O2   conftest.c -lSDL_mixer  -lSDL_image -lSDL  >&5
configure:5380: $? = 0
configure:5390: result: yes
configure:5543: checking that generated files are newer than configure
configure:5549: result: done
configure:5576: creating ./config.status

## ---------------------- ##
## Running config.status. ##
## ---------------------- ##

This file was extended by twlegacy config.status 1.0, which was
generated by GNU Autoconf 2.71.  Invocation command line was

  CONFIG_FILES    = 
  CONFIG_HEADERS  = 
  CONFIG_LINKS    = 
  CONFIG_COMMANDS = 
  $ ./config.status 

on zabiden-IdeaPad-3-15IIL05

config.status:786: creating Makefile
config.status:958: executing depfiles commands
config.status:1035: cd .       && sed -e '/# am--include-marker/d' Makefile         | make -f - am--depfiles
config.status:1040: $? = 0

## ---------------- ##
## Cache variables. ##
## ---------------- ##

ac_cv_build=x86_64-pc-linux-gnu
ac_cv_c_compiler_gnu=yes
ac_cv_cxx_compiler_gnu=yes
ac_cv_env_CCC_set=
ac_cv_env_CCC_value=
ac_cv_env_CC_set=
ac_cv_env_CC_value=
ac_cv_env_CFLAGS_set=
ac_cv_env_CFLAGS_value=
ac_cv_env_CPPFLAGS_set=
ac_cv_env_CPPFLAGS_value=
ac_cv_env_CXXFLAGS_set=
ac_cv_env_CXXFLAGS_value=
ac_cv_env_CXX_set=
ac_cv_env_CXX_value=
ac_cv_env_LDFLAGS_set=
ac_cv_env_LDFLAGS_value=
ac_cv_env_LIBS_set=
ac_cv_env_LIBS_value=
ac_cv_env_build_alias_set=
ac_cv_env_build_alias_value=
ac_cv_env_host_alias_set=
ac_cv_env_host_alias_value=
ac_cv_env_target_alias_set=
ac_cv_env_target_alias_value=
ac_cv_header_SDL_SDL_h=yes
ac_cv_header_SDL_SDL_image_h=yes
ac_cv_header_SDL_SDL_mixer_h=yes
ac_cv_header_inttypes_h=yes
ac_cv_header_stdint_h=yes
ac_cv_header_stdio_h=yes
ac_cv_header_stdlib_h=yes
ac_cv_header_string_h=yes
ac_cv_header_strings_h=yes
ac_cv_header_sys_stat_h=yes
ac_cv_header_sys_types_h=yes
ac_cv_header_unistd_h=yes
ac_cv_host=x86_64-pc-linux-gnu
ac_cv_lib_SDL_SDL_Init=yes
ac_cv_lib_SDL_image_IMG_Load=yes
ac_cv_lib_SDL_mixer_Mix_OpenAudio=yes
ac_cv_objext=o
ac_cv_path_install='/usr/bin/install -c'
ac_cv_path_mkdir=/usr/bin/mkdir
ac_cv_prog_AWK=mawk
ac_cv_prog_ac_ct_CC=gcc
ac_cv_prog_ac_ct_CXX=g++
ac_cv_prog_cc_c11=
ac_cv_prog_cc_g=yes
ac_cv_prog_cc_stdc=
ac_cv_prog_cxx_cxx11=
ac_cv_prog_cxx_g=yes
ac_cv_prog_cxx_stdcxx=
ac_cv_prog_make_make_set=yes
am_cv_CC_dependencies_compiler_type=gcc3
am_cv_CXX_dependencies_compiler_type=gcc3
am_cv_make_support_nested_variables=yes
am_cv_prog_cc_c_o=yes

## ----------------- ##
## Output variables. ##
## ----------------- ##

ACLOCAL='${SHELL} '\''/home/zabiden/Documents/Teewars-legacy/main/missing'\'' aclocal-1.16'
AMDEPBACKSLASH='\'
AMDEP_FALSE='#'
AMDEP_TRUE=''
AMTAR='$${TAR-tar}'
AM_BACKSLASH='\'
AM_DEFAULT_V='$(AM_DEFAULT_VERBOSITY)'
AM_DEFAULT_VERBOSITY='1'
AM_V='$(V)'
AUTOCONF='${SHELL} '\''/home/zabiden/Documents/Teewars-legacy/main/missing'\'' autoconf'
AUTOHEADER='${SHELL} '\''/home/zabiden/Documents/Teewars-legacy/main/missing'\'' autoheader'
AUTOMAKE='${SHELL} '\''/home/zabiden/Documents/Teewars-legacy/main/missing'\'' automake-1.16'
AWK='mawk'
CC='gcc'
CCDEPMODE='depmode=gcc3'
CFLAGS='-g -O2'
CPPFLAGS=''
CSCOPE='cscope'
CTAGS='ctags'
CXX='g++'
CXXDEPMODE='depmode=gcc3'
CXXFLAGS='-g -O2'
CYGPATH_W='echo'
DEFS='-DPACKAGE_NAME=\"twlegacy\" -DPACKAGE_TARNAME=\"twlegacy\" -DPACKAGE_VERSION=\"1.0\" -DPACKAGE_STRING=\"twlegacy\ 1.0\" -DPACKAGE_BUGREPORT=\"\" -DPACKAGE_URL=\"\" -DPACKAGE=\"twlegacy\" -DVERSION=\"1.0\" -DPLATFORM_LINUX=1 -DHAVE_STDIO_H=1 -DHAVE_STDLIB_H=1 -DHAVE_STRING_H=1 -DHAVE_INTTYPES_H=1 -DHAVE_STDINT_H=1 -DHAVE_STRINGS_H=1 -DHAVE_SYS_STAT_H=1 -DHAVE_SYS_TYPES_H=1 -DHAVE_UNISTD_H=1 -DSTDC_HEADERS=1 -DHAVE_SDL_SDL_H=1 -DHAVE_SDL_SDL_IMAGE_H=1 -DHAVE_SDL_SDL_MIXER_H=1 -DHAVE_LIBSDL=1 -DHAVE_LIBSDL_IMAGE=1 -DHAVE_LIBSDL_MIXER=1'
DEPDIR='.deps'
ECHO_C=''
ECHO_N='-n'
ECHO_T=''
ETAGS='etags'
EXEEXT=''
INSTALL_DATA='${INSTALL} -m 644'
INSTALL_PROGRAM='${INSTALL}'
INSTALL_SCRIPT='${INSTALL}'
INSTALL_STRIP_PROGRAM='$(install_sh) -c -s'
LDFLAGS=''
LIBOBJS=''
LIBS='-lSDL_mixer -lSDL_image -lSDL '
LTLIBOBJS=''
MAKEINFO='${SHELL} '\''/home/zabiden/Documents/Teewars-legacy/main/missing'\'' makeinfo'
MKDIR_P='/usr/bin/mkdir -p'
OBJEXT='o'
PACKAGE='twlegacy'
PACKAGE_BUGREPORT=''
PACKAGE_NAME='twlegacy'
PACKAGE_STRING='twlegacy 1.0'
PACKAGE_TARNAME='twlegacy'
PACKAGE_URL=''
PACKAGE_VERSION='1.0'
PATH_SEPARATOR=':'
SET_MAKE=''
SHELL='/bin/bash'
STRIP=''
VERSION='1.0'
WINDRES=''
ac_ct_CC='gcc'
ac_ct_CXX='g++'
am__EXEEXT_FALSE=''
am__EXEEXT_TRUE='#'
am__fastdepCC_FALSE='#'
am__fastdepCC_TRUE=''
am__fastdepCXX_FALSE='#'
am__fastdepCXX_TRUE=''
am__include='include'
am__isrc=''
am__leading_dot='.'
am__nodep='_no'
am__quote=''
am__tar='$${TAR-tar} chof - "$$tardir"'
am__untar='$${TAR-tar} xf -'
bindir='${exec_prefix}/bin'
build='x86_64-pc-linux-gnu'
build_alias=''
build_cpu='x86_64'
build_os='linux-gnu'
build_vendor='pc'
datadir='${datarootdir}'
datarootdir='${prefix}/share'
docdir='${datarootdir}/doc/${PACKAGE_TARNAME}'
dvidir='${docdir}'
exec_prefix='${prefix}'
host='x86_64-pc-linux-gnu'
host_alias=''
host_cpu='x86_64'
host_os='linux-gnu'
host_vendor='pc'
htmldir='${docdir}'
includedir='${prefix}/include'
infodir='${datarootdir}/info'
install_sh='${SHELL} /home/zabiden/Documents/Teewars-legacy/main/install-sh'
libdir='${exec_prefix}/lib'
libexecdir='${exec_prefix}/libexec'
localedir='${datarootdir}/locale'
localstatedir='${prefix}/var'
mandir='${datarootdir}/man'
mkdir_p='$(MKDIR_P)'
oldincludedir='/usr/include'
pdfdir='${docdir}'
prefix='/usr/local'
program_transform_name='s,x,x,'
psdir='${docdir}'
runstatedir='${localstatedir}/run'
sbindir='${exec_prefix}/sbin'
sharedstatedir='${prefix}/com'
sysconfdir='${prefix}/etc'
target_alias=''

## ----------- ##
## confdefs.h. ##
## ----------- ##

/* confdefs.h */
#define PACKAGE_NAME "twlegacy"
#define PACKAGE_TARNAME "twlegacy"
#define PACKAGE_VERSION "1.0"
#define PACKAGE_STRING "twlegacy 1.0"
#define PACKAGE_BUGREPORT ""
#define PACKAGE_URL ""
#define PACKAGE "twlegacy"
#define VERSION "1.0"
#define PLATFORM_LINUX 1
#define HAVE_STDIO_H 1
#define HAVE_STDLIB_H 1
#define HAVE_STRING_H 1
#define HAVE_INTTYPES_H 1
#define HAVE_STDINT_H 1
#define HAVE_STRINGS_H 1
#define HAVE_SYS_STAT_H 1
#define HAVE_SYS_TYPES_H 1
#define HAVE_UNISTD_H 1
#define STDC_HEADERS 1
#define HAVE_SDL_SDL_H 1
#define HAVE_SDL_SDL_IMAGE_H 1
#define HAVE_SDL_SDL_MIXER_H 1
#define HAVE_LIBSDL 1
#define HAVE_LIBSDL_IMAGE 1
#define HAVE_LIBSDL_MIXER 1

configure: exit 0
